// Jest Snapshot v1, https://goo.gl/fbAQLP

exports[`Pruebas en HookAppp show component correctly 1`] = `
<div>
  <h1>
    Hola Mundo
  </h1>
</div>
`;
